Bank                            Username              Active           RawShares            RawUsage           Fairshare
D                                                       true                   1                 0.0
 E                                                      true                   1                 0.0
 F                                                      true                   1                 0.0

